[0m10:07:00.693646 [debug] [MainThread]: Sending event: {'category': 'dbt', 'action': 'invocation', 'label': 'start', 'context': [<snowplow_tracker.self_describing_json.SelfDescribingJson object at 0x000001E54342EFC0>, <snowplow_tracker.self_describing_json.SelfDescribingJson object at 0x000001E53FEDFEC0>, <snowplow_tracker.self_describing_json.SelfDescribingJson object at 0x000001E542E49AC0>]}


============================== 10:07:00.698953 | c8399f3c-c23b-487a-889d-b65083c23862 ==============================
[0m10:07:00.698953 [info ] [MainThread]: Running with dbt=1.11.2
[0m10:07:00.699466 [debug] [MainThread]: running dbt with arguments {'version_check': 'True', 'no_print': 'None', 'static_parser': 'True', 'warn_error_options': 'WarnErrorOptionsV2(error=[], warn=[], silence=[])', 'target_path': 'None', 'printer_width': '80', 'write_json': 'True', 'introspect': 'True', 'log_cache_events': 'False', 'empty': 'None', 'cache_selected_only': 'False', 'log_format': 'default', 'debug': 'False', 'fail_fast': 'False', 'profiles_dir': 'C:\\Users\\PICHAU\\.dbt', 'send_anonymous_usage_stats': 'True', 'quiet': 'False', 'warn_error': 'None', 'partial_parse': 'True', 'invocation_command': 'dbt init', 'indirect_selection': 'eager', 'use_colors': 'True', 'use_experimental_parser': 'False', 'log_path': 'logs'}
[0m10:07:25.892684 [debug] [MainThread]: Starter project path: C:\Users\PICHAU\.pyenv\pyenv-win\versions\3.12.1\Lib\site-packages\dbt\include\starter_project
[0m10:07:25.908813 [info ] [MainThread]: 
Your new dbt project "Dbt_project" was created!

For more information on how to configure the profiles.yml file,
please consult the dbt documentation here:

  https://docs.getdbt.com/docs/configure-your-profile

One more thing:

Need help? Don't hesitate to reach out to us via GitHub issues or on Slack:

  https://community.getdbt.com/

Happy modeling!

[0m10:07:25.908813 [info ] [MainThread]: Setting up your profile.
[0m10:08:26.496701 [info ] [MainThread]: Profile Dbt_project written to C:\Users\PICHAU\.dbt\profiles.yml using target's profile_template.yml and your supplied values. Run 'dbt debug' to validate the connection.
[0m10:08:26.498663 [debug] [MainThread]: Command `dbt init` succeeded at 10:08:26.498663 after 85.93 seconds
[0m10:08:26.499710 [debug] [MainThread]: Sending event: {'category': 'dbt', 'action': 'invocation', 'label': 'end', 'context': [<snowplow_tracker.self_describing_json.SelfDescribingJson object at 0x000001E54338D730>, <snowplow_tracker.self_describing_json.SelfDescribingJson object at 0x000001E54338D400>, <snowplow_tracker.self_describing_json.SelfDescribingJson object at 0x000001E5434655B0>]}
[0m10:08:26.499710 [debug] [MainThread]: Flushing usage events
[0m10:08:26.977606 [debug] [MainThread]: An error was encountered while trying to flush usage events
